[{"type":"function","name":"complex_tool","description":"Submit \u003c/script\u003e safely \u2028 without embedding current values.","parameters":{"type":"object","properties":{"query":{"type":"string","description":"Search text \u003c/script\u003e","enum":["\u003c/script\u003e","alpha"]},"options":{"type":"object","description":"Optional nested controls","properties":{"count":{"type":"integer","description":"Optional count"},"filters":{"type":"object","properties":{"label":{"type":"string","enum":["safe","unsafe"]}},"additionalProperties":false},"tags":{"type":"array","items":{"type":"object","properties":{"value":{"type":"string"}},"additionalProperties":false}}},"required":["filters","tags"],"additionalProperties":false}},"required":["query"],"additionalProperties":false},"strict":false},{"type":"function","name":"read_only","description":"Inspect a local control.","parameters":{"type":"object","properties":{},"additionalProperties":false},"strict":false}]